// Vitest Snapshot v1

exports[`should > exported 1`] = `
{
  "consumes": [
    "application/json",
  ],
  "operationId": "addUsingPOST",
  "parameters": [
    {
      "definition": "AccountBookAddRequest",
      "description": "request",
      "in": "body",
      "jsonSchema": {
        "properties": {
          "amount": {
            "allowEmptyValue": false,
            "description": "金额 (单位分)",
            "example": 1000,
            "format": "int64",
            "type": "integer",
          },
          "categoryId": {
            "allowEmptyValue": false,
            "description": "类型Id",
            "example": 1567054180388524000,
            "format": "int64",
            "type": "integer",
          },
          "categoryName": {
            "allowEmptyValue": false,
            "description": "类型名称",
            "example": "加油",
            "type": "string",
          },
          "occurrenceTime": {
            "allowEmptyValue": false,
            "description": "时间",
            "example": "yyyy-MM-dd",
            "format": "date",
            "type": "string",
          },
          "remarks": {
            "allowEmptyValue": false,
            "description": "备注",
            "example": "买的燃油宝",
            "type": "string",
          },
          "taskId": {
            "allowEmptyValue": false,
            "description": "运单id",
            "example": 1750148943159,
            "format": "int64",
            "type": "integer",
          },
          "type": {
            "allowEmptyValue": false,
            "description": "类别 0:收入 1:支出",
            "example": 1,
            "format": "int32",
            "type": "integer",
          },
        },
        "title": "AccountBookAddRequest",
        "type": "object",
      },
      "name": "request",
      "required": true,
      "schema": {
        "$ref": "#/definitions/AccountBookAddRequest",
      },
    },
  ],
  "produces": [
    "*/*",
  ],
  "responses": {
    "200": {
      "description": "OK",
    },
    "201": {
      "description": "Created",
    },
    "401": {
      "description": "Unauthorized",
    },
    "403": {
      "description": "Forbidden",
    },
    "404": {
      "description": "Not Found",
    },
  },
  "summary": "记支出/收入",
  "tags": [
    "账单流水相关",
  ],
}
`;
